{
  "checkpoint": {
    "kafka-source": {
      "00000000000000000000": "00000000000000000042"
    }
  },
  "create_timestamp": 1789,
  "index_config": {
    "doc_mapping": {
      "doc_mapping_uid": "00000000000000000000000001",
      "dynamic_mapping": {
        "expand_dots": true,
        "fast": {
          "normalizer": "raw"
        },
        "indexed": true,
        "record": "basic",
        "stored": true,
        "tokenizer": "default"
      },
      "field_mappings": [
        {
          "coerce": true,
          "fast": true,
          "indexed": true,
          "name": "tenant_id",
          "output_format": "number",
          "stored": true,
          "type": "u64"
        },
        {
          "fast": true,
          "fast_precision": "seconds",
          "indexed": true,
          "input_formats": [
            "rfc3339",
            "unix_timestamp"
          ],
          "name": "timestamp",
          "output_format": "rfc3339",
          "stored": true,
          "type": "datetime"
        },
        {
          "fast": false,
          "fieldnorms": false,
          "indexed": true,
          "name": "log_level",
          "record": "basic",
          "stored": true,
          "tokenizer": "raw",
          "type": "text"
        },
        {
          "fast": false,
          "fieldnorms": false,
          "indexed": true,
          "name": "message",
          "record": "position",
          "stored": true,
          "tokenizer": "default",
          "type": "text"
        }
      ],
      "index_field_presence": true,
      "max_num_partitions": 100,
      "mode": "dynamic",
      "partition_key": "tenant_id",
      "store_document_size": false,
      "store_source": true,
      "tag_fields": [
        "log_level",
        "tenant_id"
      ],
      "timestamp_field": "timestamp",
      "tokenizers": [
        {
          "filters": [],
          "name": "custom_tokenizer",
          "pattern": "[^\\p{L}\\p{N}]+",
          "type": "regex"
        }
      ]
    },
    "index_id": "my-index",
    "index_uri": "s3://quickwit-indexes/my-index",
    "indexing_settings": {
      "commit_timeout_secs": 301,
      "docstore_blocksize": 1000000,
      "docstore_compression_level": 8,
      "merge_policy": {
        "maturation_period": "2days",
        "max_merge_factor": 11,
        "merge_factor": 9,
        "min_level_num_docs": 100000,
        "type": "stable_log"
      },
      "resources": {
        "heap_size": "50.0 MB"
      },
      "split_num_docs_target": 10000001
    },
    "retention": {
      "period": "90 days",
      "schedule": "daily"
    },
    "search_settings": {
      "default_search_fields": [
        "message"
      ]
    },
    "version": "0.9"
  },
  "index_uid": "my-index:00000000000000000000000001",
  "sources": [
    {
      "enabled": true,
      "input_format": "json",
      "num_pipelines": 2,
      "params": {
        "client_params": {},
        "topic": "kafka-topic"
      },
      "source_id": "kafka-source",
      "source_type": "kafka",
      "transform": {
        "script": ".message = downcase(string!(.message))",
        "timezone": "UTC"
      },
      "version": "0.9"
    }
  ],
  "version": "0.9"
}
