{
  "version": "0.9",
  "index": {
    "version": "0.9",
    "index_uid": "my-index:00000000000000000000000001",
    "index_config": {
      "version": "0.9",
      "index_id": "my-index",
      "index_uri": "s3://quickwit-indexes/my-index",
      "doc_mapping": {
        "doc_mapping_uid": "00000000000000000000000001",
        "mode": "dynamic",
        "dynamic_mapping": {
          "indexed": true,
          "tokenizer": "raw",
          "record": "basic",
          "stored": true,
          "expand_dots": true,
          "fast": {
            "normalizer": "raw"
          }
        },
        "field_mappings": [
          {
            "name": "tenant_id",
            "type": "u64",
            "stored": true,
            "indexed": true,
            "fast": true,
            "coerce": true,
            "output_format": "number"
          },
          {
            "name": "timestamp",
            "type": "datetime",
            "input_formats": [
              "rfc3339",
              "unix_timestamp"
            ],
            "output_format": "rfc3339",
            "fast_precision": "seconds",
            "indexed": true,
            "stored": true,
            "fast": true
          },
          {
            "name": "log_level",
            "type": "text",
            "indexed": true,
            "tokenizer": "raw",
            "record": "basic",
            "fieldnorms": false,
            "stored": true,
            "fast": false
          },
          {
            "name": "message",
            "type": "text",
            "indexed": true,
            "tokenizer": "default",
            "record": "position",
            "fieldnorms": false,
            "stored": true,
            "fast": false
          }
        ],
        "timestamp_field": "timestamp",
        "tag_fields": [
          "log_level",
          "tenant_id"
        ],
        "partition_key": "tenant_id",
        "max_num_partitions": 100,
        "index_field_presence": true,
        "store_document_size": false,
        "store_source": true,
        "tokenizers": [
          {
            "name": "custom_tokenizer",
            "type": "regex",
            "pattern": "[^\\p{L}\\p{N}]+",
            "filters": []
          }
        ]
      },
      "indexing_settings": {
        "commit_timeout_secs": 301,
        "docstore_compression_level": 8,
        "docstore_blocksize": 1000000,
        "split_num_docs_target": 10000001,
        "merge_policy": {
          "type": "stable_log",
          "min_level_num_docs": 100000,
          "merge_factor": 9,
          "max_merge_factor": 11,
          "maturation_period": "2days"
        },
        "resources": {
          "heap_size": "50.0 MB"
        }
      },
      "ingest_settings": {
        "min_shards": 12
      },
      "search_settings": {
        "default_search_fields": [
          "message"
        ]
      },
      "retention": {
        "period": "90 days",
        "schedule": "daily"
      }
    },
    "checkpoint": {
      "kafka-source": {
        "00000000000000000000": "00000000000000000042"
      }
    },
    "create_timestamp": 1789,
    "sources": [
      {
        "version": "0.9",
        "source_id": "kafka-source",
        "num_pipelines": 2,
        "enabled": true,
        "source_type": "kafka",
        "params": {
          "topic": "kafka-topic",
          "client_params": {}
        },
        "transform": {
          "script": ".message = downcase(string!(.message))",
          "timezone": "UTC"
        },
        "input_format": "json"
      }
    ]
  },
  "splits": [
    {
      "split_state": "Published",
      "update_timestamp": 1789,
      "publish_timestamp": 1789,
      "version": "0.9",
      "split_id": "split",
      "index_uid": "my-index:00000000000000000000000001",
      "partition_id": 7,
      "source_id": "source",
      "node_id": "node",
      "num_docs": 12303,
      "uncompressed_docs_size_in_bytes": 234234,
      "time_range": {
        "start": 121000,
        "end": 130198
      },
      "create_timestamp": 3,
      "maturity": {
        "type": "immature",
        "maturation_period_millis": 4000
      },
      "tags": [
        "234",
        "aaa"
      ],
      "footer_offsets": {
        "start": 1000,
        "end": 2000
      },
      "delete_opstamp": 10,
      "num_merge_ops": 3,
      "doc_mapping_uid": "00000000000000000000000000"
    }
  ],
  "shards": {
    "_ingest-source": [
      {
        "index_uid": "my-index:00000000000000000000000001",
        "source_id": "_ingest-source",
        "shard_id": "00000000000000000001",
        "leader_id": "leader-ingester",
        "follower_id": "follower-ingester",
        "shard_state": 1,
        "publish_position_inclusive": "",
        "doc_mapping_uid": "00000000000000000000000001",
        "update_timestamp": 1724240908
      }
    ]
  },
  "delete_tasks": [
    {
      "create_timestamp": 0,
      "opstamp": 10,
      "delete_query": {
        "index_uid": "my-index:00000000000000000000000001",
        "query_ast": "{\"type\":\"bool\",\"must\":[{\"type\":\"full_text\",\"field\":\"body\",\"text\":\"Harry\",\"params\":{\"mode\":{\"type\":\"phrase_fallback_to_intersection\"}},\"lenient\":false},{\"type\":\"full_text\",\"field\":\"body\",\"text\":\"Potter\",\"params\":{\"mode\":{\"type\":\"phrase_fallback_to_intersection\"}},\"lenient\":false}]}"
      }
    }
  ]
}
